Qxua^Xo, Qxua^Xo, Qxua^Xo, Qxua^Xo, Qxua^Xo, Qxua^Xo, Qxua^Xo, Qxua^Xo, Qxua^Xo, Qxua^Xo, Qxua^Xo, Qxua^Xo, Qxua^Xo, Qxua^Xo, Qxua^Xo, Qxua^Xo, Qxua^Xo, Qxua^Xo, Qxua^Xo, Qxua^Xo, Qxua^Xo, Qxua^Xo, Qxua^Xo, Qxua^Xo, Qxua^Xo, Qxua^Xo, Qxua^Xo, Qxua^Xo, Qxua^Xo, Qxua^Xo, Qxua^Xo, Qxua^Xo, Qxua^Xo, Qxua^Xo, Qxua^Xo, Qxua^Xo, Qxua^Xo
Qxua^Xo, Qxua^Xo, Qxua^Xo, Qxua^Xo, Qxua^Xo, Qxua^Xo, Qxua^Xo, Qxua^Xo, Qxua^Xo, Qxua^Xo, Qxua^Xo, Qxua^Xo, Qxua^Xo, Qxua^Xo, Qxua^Xo, Qxua^Xo, Qxua^Xo, Qxua^Xo, Qxua^Xo, Qxua^Xo, Qxua^Xo, Qxua^Xo, Qxua^Xo, Qxua^Xo, Qxua^Xo, Qxua^Xo, Qxua^Xo, Qxua^Xo, Qxua^Xo, Qxua^Xo, Qxua^Xo, Qxua^Xo, Qxua^Xo, Qxua^Xo, Qxua^Xo, Qxua^Xo, Qxua^Xo
Qxua^Xo, Qxua^Xo, Qxua^Xo, Qxua^Xo, Qxua^Xo, Qxua^Xo, Aa^Fpa, Ha, Gg, Aa^Fma, Gg, Ha, Ha, Qxua^Xo, Aa, Qxua^Xo, Aa^Fpa, Qxua^Xo, Aa, Qxua^Xo, Aa, Qxua^Xo, Aa, Qxua^Xo, Aa^Fpa, Aa^Fpa, Gg, Ha, Gg, Aa^Fma, Ha, Qxua^Xo, Qxua^Xo, Qxua^Xo, Qxua^Xo, Qxua^Xo, Qxua^Xo
Qxua^Xo, Qxua^Xo, Qxua^Xo, Qxua^Xo, Qxua^Xo, Qxua^Xo, Gg, Gg, Ww, Gg, Ch, Gg, Gg, Ms, Hh, Aa, Gll^Fmw, Aa^Fma, Aa^Fma, Aa, Gg, Aa, Ww, Aa, Gg, Gg, Ch, Gg, Ww, Gg, Gg, Qxua^Xo, Qxua^Xo, Qxua^Xo, Qxua^Xo, Qxua^Xo, Qxua^Xo
Qxua^Xo, Qxua^Xo, Qxua^Xo, Qxua^Xo, Qxua^Xo, Hh, Wwf, Ww, Gs, Wwf, Wwf, Wwf, Ww, Wwf, Gs, Gll^Uf, Gs, Gg, Hh, Gg, Wwf, Ww, Gs^Fms, Wwf, Ww, Wwf, Wwf, Wwf, Gs, Ww, Gs, Gs^Fp, Qxua^Xo, Qxua^Xo, Qxua^Xo, Qxua^Xo, Qxua^Xo
Qxua^Xo, Qxua^Xo, Qxua^Xo, Qxua^Xo, Ch, Gs, Wwf, Gs, Wwf, Wwf, Xu, Xu, Xu, Wwf, Gs, Wwf, Chw, Wwf, Wwf, Wwf, Dd, Ss, Gs, Gs, Xu, Xu, Xu, Wwf, Wwf, Gs, Gs, Gs, Ch, Qxua^Xo, Qxua^Xo, Qxua^Xo, Qxua^Xo
Qxua^Xo, Qxua^Xo, Qxua^Xo, Qxua^Xo, Ch, Ch, Wwf, Wwf, Wwf, Wwf, Gs, Cud, Xu, Ww, Chw, Wwf, Gs, Gs^Ftp, Hh, Gd^Fts, Wwf, Wwf, Wwf, Hhd, Xu, 7 Cud, Wwf, Wwf, Wwf, Ww, Wwf, Ch, Ch, Qxua^Xo, Qxua^Xo, Qxua^Xo, Qxua^Xo
Qxua^Xo, Qxua^Xo, Qxua^Xo, Qxua^Xo, 4 Xos, Ch, Wwf, Wwf, Gs, Wwf, Wwf, 1 Cud, Xu, Ss, Uu^Uf, Wwf, Wwf, Wwf, Wwf, Hhd, Wwf, Dd^Ftd, Uu^Uf, Uu, Xu, 5 Cud, Wwf, Wwf, Gs, Wwf, Wwf, Ch, 8 Xos, Qxua^Xo, Qxua^Xo, Qxua^Xo, Qxua^Xo
Qxua^Xo, Qxua^Xo, Qxua^Xo, Qxua^Xo, Ch, Ch, Wwf, Wwf, Wwf, Wwf, Wwf, 3 Cud, Xu, Uu, Wwf, Dd^Ftd, Wwf, Hhd, Hh, Wwf, Gs, Wwf, Chw, Ss, Xu, 2 Cud, Gs, Wwf, Wwf, Wwf, Wwf, Ch, Ch, Qxua^Xo, Qxua^Xo, Qxua^Xo, Qxua^Xo
Qxua^Xo, Qxua^Xo, Qxua^Xo, Qxua^Xo, Ch, Ch, Gs, Wwf, Wwf, Wwf, Xu, 6 Cud, Xu, Hhd, Gs, Wwf, Dd, Gd^Fts, Wwf, Gs^Ftp, Chw, Wwf, Gs, Ww, Xu, Cud, Xu, Wwf, Wwf, Wwf, Wwf, Ch, Ch, Qxua^Xo, Qxua^Xo, Qxua^Xo, Qxua^Xo
Qxua^Xo, Qxua^Xo, Qxua^Xo, Qxua^Xo, Qxua^Xo, Gs, Gs, Gs, Gs, Wwf, Wwf, Xu, Ww, Gs, Gs^Fms, Ss, Wwf, Wwf, Hh, Wwf, Gs, Wwf, Gs, Wwf, Ww, Xu, Wwf, Wwf, Gs, Gs, Wwf, Gs, Qxua^Xo, Qxua^Xo, Qxua^Xo, Qxua^Xo, Qxua^Xo
Qxua^Xo, Qxua^Xo, Qxua^Xo, Qxua^Xo, Qxua^Xo, Gs^Fp, Gg, Ww, Ww, Wwf, Ch, Wwf, Gg, Wwf, Ww, Ww, Gg, Gg, Aa^Fma, Gg, Gll^Fmw, Gll^Uf, Hh, Wwf, Gg, Wwf, Ch, Wwf, Ww, Ww, Gg, Hh, Qxua^Xo, Qxua^Xo, Qxua^Xo, Qxua^Xo, Qxua^Xo
Qxua^Xo, Qxua^Xo, Qxua^Xo, Qxua^Xo, Qxua^Xo, Qxua^Xo, Ha, Gg, Gg, Gg, Gg, Gg, Aa^Fpa, Aa, Aa, Aa, Aa, Aa, Aa, Aa^Fma, Aa^Fpa, Aa, Aa, Ms, Ha, Gg, Gg, Gg, Gg, Gg, Aa^Fpa, Qxua^Xo, Qxua^Xo, Qxua^Xo, Qxua^Xo, Qxua^Xo, Qxua^Xo
Qxua^Xo, Qxua^Xo, Qxua^Xo, Qxua^Xo, Qxua^Xo, Qxua^Xo, Qxua^Xo, Aa^Fma, Qxua^Xo, Ha, Qxua^Xo, Aa^Fpa, Qxua^Xo, Qxua^Xo, Qxua^Xo, Qxua^Xo, Qxua^Xo, Qxua^Xo, Qxua^Xo, Qxua^Xo, Qxua^Xo, Qxua^Xo, Qxua^Xo, Qxua^Xo, Qxua^Xo, Ha, Qxua^Xo, Aa^Fma, Qxua^Xo, Ha, Qxua^Xo, Qxua^Xo, Qxua^Xo, Qxua^Xo, Qxua^Xo, Qxua^Xo, Qxua^Xo
Qxua^Xo, Qxua^Xo, Qxua^Xo, Qxua^Xo, Qxua^Xo, Qxua^Xo, Qxua^Xo, Qxua^Xo, Qxua^Xo, Qxua^Xo, Qxua^Xo, Qxua^Xo, Qxua^Xo, Qxua^Xo, Qxua^Xo, Qxua^Xo, Qxua^Xo, Qxua^Xo, Qxua^Xo, Qxua^Xo, Qxua^Xo, Qxua^Xo, Qxua^Xo, Qxua^Xo, Qxua^Xo, Qxua^Xo, Qxua^Xo, Qxua^Xo, Qxua^Xo, Qxua^Xo, Qxua^Xo, Qxua^Xo, Qxua^Xo, Qxua^Xo, Qxua^Xo, Qxua^Xo, Qxua^Xo
