map_data="Qxua^Xo, Qxua^Xo, Qxua^Xo, Qxua^Xo, Qxua^Xo, Qxua^Xo, Qxua^Xo, Qxua^Xo, Qxua^Xo, Qxua^Xo, Qxua^Xo, Qxua^Xo, Qxua^Xo, Qxua^Xo, Qxua^Xo, Qxua^Xo, Qxua^Xo, Qxua^Xo, Qxua^Xo, Qxua^Xo, Qxua^Xo, Qxua^Xo, Qxua^Xo, Qxua^Xo, Qxua^Xo, Qxua^Xo, Qxua^Xo, Qxua^Xo, Qxua^Xo, Qxua^Xo, Qxua^Xo, Qxua^Xo, Qxua^Xo, Qxua^Xo, Qxua^Xo, Qxua^Xo, Qxua^Xo
Qxua^Xo, Qxua^Xo, Qxua^Xo, Qxua^Xo, Qxua^Xo, Qxua^Xo, Qxua^Xo, Qxua^Xo, Qxua^Xo, Qxua^Xo, Qxua^Xo, Qxua^Xo, Qxua^Xo, Qxua^Xo, Qxua^Xo, Qxua^Xo, Qxua^Xo, Qxua^Xo, Qxua^Xo, Qxua^Xo, Qxua^Xo, Qxua^Xo, Qxua^Xo, Qxua^Xo, Qxua^Xo, Qxua^Xo, Qxua^Xo, Qxua^Xo, Qxua^Xo, Qxua^Xo, Qxua^Xo, Qxua^Xo, Qxua^Xo, Qxua^Xo, Qxua^Xo, Qxua^Xo, Qxua^Xo
Qxua^Xo, Qxua^Xo, Qxua^Xo, Qxua^Xo, Qxua^Xo, Qxua^Xo, Qxua^Xo, Qxua^Xo, Qxua^Xo, Qxua^Xo, Qxua^Xo, Qxua^Xo, Qxua^Xo, Qxua^Xo, Qxua^Xo, Qxua^Xo, Qxua^Xo, Qxua^Xo, Qxua^Xo, Qxua^Xo, Qxua^Xo, Qxua^Xo, Qxua^Xo, Qxua^Xo, Qxua^Xo, Qxua^Xo, Qxua^Xo, Qxua^Xo, Qxua^Xo, Qxua^Xo, Qxua^Xo, Qxua^Xo, Qxua^Xo, Qxua^Xo, Qxua^Xo, Qxua^Xo, Qxua^Xo
Qxua^Xo, Qxua^Xo, Qxua^Xo, Qxua^Xo, Qxua^Xo, Qxua^Xo, Qxua^Xo, Qxua^Xo, Qxua^Xo, Qxua^Xo, Qxua^Xo, Qxua^Xo, Qxua^Xo, Qxua^Xo, Qxua^Xo, Qxua^Xo, Qxua^Xo, Qxua^Xo, Qxua^Xo, Qxua^Xo, Qxua^Xo, Qxua^Xo, Qxua^Xo, Qxua^Xo, Qxua^Xo, Qxua^Xo, Qxua^Xo, Qxua^Xo, Qxua^Xo, Qxua^Xo, Qxua^Xo, Qxua^Xo, Qxua^Xo, Qxua^Xo, Qxua^Xo, Qxua^Xo, Qxua^Xo
Qxua^Xo, Qxua^Xo, Qxua^Xo, Qxua^Xo, Qxua^Xo, Qxua^Xo, Qxua^Xo, Qxua^Xo, Qxua^Xo, Qxua^Xo, Qxua^Xo, Qxua^Xo, Qxua^Xo, Qxua^Xo, Qxua^Xo, Qxua^Xo, Qxua^Xo, Qxua^Xo, Qxua^Xo, Qxua^Xo, Qxua^Xo, Qxua^Xo, Qxua^Xo, Qxua^Xo, Qxua^Xo, Qxua^Xo, Qxua^Xo, Qxua^Xo, Qxua^Xo, Qxua^Xo, Qxua^Xo, Qxua^Xo, Qxua^Xo, Qxua^Xo, Qxua^Xo, Qxua^Xo, Qxua^Xo
Qxua^Xo, Qxua^Xo, Qxua^Xo, Qxua^Xo, Qxua^Xo, Qxua^Xo, Qxua^Xo, Qxua^Xo, Gg, Qxua^Xo, Qxua^Xo, Qxua^Xo, Qxua^Xo, Qxua^Xo, Qxua^Xo, Qxua^Xo, Qxua^Xo, Qxua^Xo, Qxua^Xo, Qxua^Xo, Qxua^Xo, Qxua^Xo, Qxua^Xo, Qxua^Xo, Qxua^Xo, Qxua^Xo, Gg, Qxua^Xo, Qxua^Xo, Qxua^Xo, Qxua^Xo, Qxua^Xo, Qxua^Xo, Qxua^Xo, Qxua^Xo, Qxua^Xo, Qxua^Xo
Qxua^Xo, Qxua^Xo, Qxua^Xo, Qxua^Xo, Qxua^Xo, Qxua^Xo, Gs^Fp, Gg, Gg, Hh, Gg, Qxua^Xo, Qxua^Xo, Qxua^Xo, Qxua^Xo, Qxua^Xo, Qxua^Xo, Qxua^Xo, Qxua^Xo, Qxua^Xo, Qxua^Xo, Qxua^Xo, Qxua^Xo, Qxua^Xo, Gg, Hh, Gg, Gg, Gs^Fp, Qxua^Xo, Qxua^Xo, Qxua^Xo, Qxua^Xo, Qxua^Xo, Qxua^Xo, Qxua^Xo, Qxua^Xo
Qxua^Xo, Qxua^Xo, Qxua^Xo, Qxua^Xo, Ch, Gg, Hh, Dd^Do, Wwf, Wwf, Wwf, Wwf, Wwf, Qxua^Xo, Qxua^Xo, Qxua^Xo, Qxua^Xo, Qxua^Xo, Qxua^Xo, Qxua^Xo, Qxua^Xo, Qxua^Xo, Wwf, Wwf, Wwf, Wwf, Wwf, Dd^Do, Hh, Gg, Ch, Qxua^Xo, Qxua^Xo, Qxua^Xo, Qxua^Xo, Qxua^Xo, Qxua^Xo
Qxua^Xo, Qxua^Xo, Qxua^Xo, Ch, Cud, Ch, Wwf, Wwf, Gg, Gg, Gg, Ch, Gg, Ss, Ss, Qxua^Xo, Qxua^Xo, Qxua^Xo, Qxua^Xo, Qxua^Xo, Gg, Ww, Gg, Ch, Gg, Gg, Gg, Wwf, Wwf, Ch, Cud, Ch, Qxua^Xo, Qxua^Xo, Qxua^Xo, Qxua^Xo, Qxua^Xo
Qxua^Xo, Qxua^Xo, Qxua^Xo, Ch, Ch, Ch, Gg, Wwf, Gg, Xu, Xu, Gg, Gg, Gg, Gs^Ft, Ss, Ss, Qxua^Xo, Hh^Fp, Gs^Fmf, Gg, Ww, Gs^Fmf, Gg, Xu, Xu, Gg, Wwf, Gg, Ch, Ch, Ch, Qxua^Xo, Qxua^Xo, Qxua^Xo, Qxua^Xo, Qxua^Xo
Qxua^Xo, Qxua^Xo, Qxua^Xo, Gg, Hh, Wwf, Wwf, Wwf, Ww, 1 Ch, Xu, Uu, Wwr, Hh, Wwf, Ss, Ss, Qxua^Xo, Gs^Fmf, Gs^Fmf, Gg, Wwf, Ww, Uu, Xu, 2 Ch, Ww, Wwf, Wwf, Wwf, Hh, Gg, Qxua^Xo, Qxua^Xo, Qxua^Xo, Qxua^Xo, Qxua^Xo
Qxua^Xo, Qxua^Xo, Qxua^Xo, Gs^Fp, Dd^Do, Wwf, Gg, Gg, 5 Ch, Xu, Uu, Uu, Wwf, Wwf, Gg, Gs^Ft, Ss, Hd, Gg, Gg, Ha^Fma, Hh, Ww, Uu, Uu, Xu, 7 Ch, Gg, Gg, Wwf, Dd^Do, Gs^Fp, Qxua^Xo, Qxua^Xo, Qxua^Xo, Qxua^Xo, Qxua^Xo
Qxua^Xo, Qxua^Xo, Qxua^Xo, Gg, Gg, Wwf, Gg, Xu, Xu, Xu, Uu, Uu^Uf, Ww, Ai, Gg, Gg, Ss, Gg, Hh^Fp, Gg, Wwf, Hh, Ww, Uu^Uf, Uu, Xu, Xu, Xu, Gg, Wwf, Gg, Gg, Qxua^Xo, Qxua^Xo, Qxua^Xo, Qxua^Xo, Qxua^Xo
Qxua^Xo, Qxua^Xo, Qxua^Xo, Gg, Hh, Wwf, Wwf, Gg, Gg, Uu, Ww, Ww, Hh, Ww, Gg, Hh^Fp, Wwr, Mm, Wwf, Wwf, Gg, Ww, Ai, Wwf, Wwr, Uu, Gg, Gg, Wwf, Wwf, Hh, Gg, Qxua^Xo, Qxua^Xo, Qxua^Xo, Qxua^Xo, Qxua^Xo
Qxua^Xo, Qxua^Xo, Qxua^Xo, Qxua^Xo, Qxua^Xo, Gg, Wwf, Ch, Gg, Gs^Fmf, Wwf, Hh, Ha^Fma, Wwf, Wwf, Uh, Wwf, Ds, Wwf, Uh, Hh^Fp, Gg, Gg, Wwf, Hh, Gg, Gg, Ch, Wwf, Gg, Qxua^Xo, Qxua^Xo, Qxua^Xo, Qxua^Xo, Qxua^Xo, Qxua^Xo, Qxua^Xo
Qxua^Xo, Qxua^Xo, Qxua^Xo, Qxua^Xo, Qxua^Xo, Qxua^Xo, Qxua^Xo, Wwf, Ww, Ww, Gg, Gg, Gg, Gg, Hh^Fp, Wwf, Ds, Wwf, Ds, Wwr, Ss, Gg, Gs^Ft, Wwf, Gs^Ft, Gg, Ss, Wwf, Qxua^Xo, Qxua^Xo, Qxua^Xo, Qxua^Xo, Qxua^Xo, Qxua^Xo, Qxua^Xo, Qxua^Xo, Qxua^Xo
Qxua^Xo, Qxua^Xo, Qxua^Xo, Qxua^Xo, Qxua^Xo, Qxua^Xo, Qxua^Xo, Qxua^Xo, Qxua^Xo, Gg, Gs^Fmf, Gs^Fmf, Gs^Fmf, Gg, Gg, Mm, Wwr, Wwf, Wwf, Mm, Gg, Ss, Ss, Ss, Ss, Ss, Qxua^Xo, Qxua^Xo, Qxua^Xo, Qxua^Xo, Qxua^Xo, Qxua^Xo, Qxua^Xo, Qxua^Xo, Qxua^Xo, Qxua^Xo, Qxua^Xo
Qxua^Xo, Qxua^Xo, Qxua^Xo, Qxua^Xo, Qxua^Xo, Qxua^Xo, Qxua^Xo, Qxua^Xo, Qxua^Xo, Qxua^Xo, Qxua^Xo, Hh^Fp, Qxua^Xo, Hd, Ss, Ss, Hh^Fp, Uh, Wwf, Hh^Fp, Gg, Hd, Qxua^Xo, Ss, Qxua^Xo, Qxua^Xo, Qxua^Xo, Qxua^Xo, Qxua^Xo, Qxua^Xo, Qxua^Xo, Qxua^Xo, Qxua^Xo, Qxua^Xo, Qxua^Xo, Qxua^Xo, Qxua^Xo
Qxua^Xo, Qxua^Xo, Qxua^Xo, Qxua^Xo, Qxua^Xo, Qxua^Xo, Qxua^Xo, Qxua^Xo, Qxua^Xo, Qxua^Xo, Qxua^Xo, Qxua^Xo, Ss, Ss, Gs^Ft, Gg, Gg, Gg, Wwf, Gg, Gg, Gs^Fmf, Hh^Fp, Qxua^Xo, Qxua^Xo, Qxua^Xo, Qxua^Xo, Qxua^Xo, Qxua^Xo, Qxua^Xo, Qxua^Xo, Qxua^Xo, Qxua^Xo, Qxua^Xo, Qxua^Xo, Qxua^Xo, Qxua^Xo
Qxua^Xo, Qxua^Xo, Qxua^Xo, Qxua^Xo, Qxua^Xo, Qxua^Xo, Qxua^Xo, Qxua^Xo, Qxua^Xo, Qxua^Xo, Qxua^Xo, Qxua^Xo, Ss, Ss, Wwf, Gg, Ai, Ww, Hh, Ha^Fma, Gg, Gs^Fmf, Gs^Fmf, Qxua^Xo, Qxua^Xo, Qxua^Xo, Qxua^Xo, Qxua^Xo, Qxua^Xo, Qxua^Xo, Qxua^Xo, Qxua^Xo, Qxua^Xo, Qxua^Xo, Qxua^Xo, Qxua^Xo, Qxua^Xo
Qxua^Xo, Qxua^Xo, Qxua^Xo, Qxua^Xo, Qxua^Xo, Qxua^Xo, Qxua^Xo, Qxua^Xo, Qxua^Xo, Qxua^Xo, Qxua^Xo, Qxua^Xo, Ss, Gs^Ft, Hh, Wwf, Wwf, Ww, Ww, Hh, Wwf, Gg, Gg, Qxua^Xo, Qxua^Xo, Qxua^Xo, Qxua^Xo, Qxua^Xo, Qxua^Xo, Qxua^Xo, Qxua^Xo, Qxua^Xo, Qxua^Xo, Qxua^Xo, Qxua^Xo, Qxua^Xo, Qxua^Xo
Qxua^Xo, Qxua^Xo, Qxua^Xo, Qxua^Xo, Qxua^Xo, Qxua^Xo, Qxua^Xo, Qxua^Xo, Qxua^Xo, Qxua^Xo, Qxua^Xo, Qxua^Xo, Ss, Gg, Gg, Wwr, Uu, Uu^Uf, Uu, Ww, Gs^Fmf, Ww, Ww, Qxua^Xo, Qxua^Xo, Qxua^Xo, Qxua^Xo, Qxua^Xo, Qxua^Xo, Qxua^Xo, Qxua^Xo, Qxua^Xo, Qxua^Xo, Qxua^Xo, Qxua^Xo, Qxua^Xo, Qxua^Xo
Qxua^Xo, Qxua^Xo, Qxua^Xo, Qxua^Xo, Qxua^Xo, Qxua^Xo, Qxua^Xo, Qxua^Xo, Qxua^Xo, Qxua^Xo, Qxua^Xo, Qxua^Xo, Wwf, Gg, Gg, Uu, Xu, Uu, Xu, Uu, Gg, Gg, Wwf, Qxua^Xo, Qxua^Xo, Qxua^Xo, Qxua^Xo, Qxua^Xo, Qxua^Xo, Qxua^Xo, Qxua^Xo, Qxua^Xo, Qxua^Xo, Qxua^Xo, Qxua^Xo, Qxua^Xo, Qxua^Xo
Qxua^Xo, Qxua^Xo, Qxua^Xo, Qxua^Xo, Qxua^Xo, Qxua^Xo, Qxua^Xo, Qxua^Xo, Qxua^Xo, Qxua^Xo, Qxua^Xo, Qxua^Xo, Wwf, Ch, Gg, Xu, 4 Ch, Xu, 8 Ch, Xu, Gg, Ch, Wwf, Qxua^Xo, Qxua^Xo, Qxua^Xo, Qxua^Xo, Qxua^Xo, Qxua^Xo, Qxua^Xo, Qxua^Xo, Qxua^Xo, Qxua^Xo, Qxua^Xo, Qxua^Xo, Qxua^Xo, Qxua^Xo
Qxua^Xo, Qxua^Xo, Qxua^Xo, Qxua^Xo, Qxua^Xo, Qxua^Xo, Qxua^Xo, Qxua^Xo, Qxua^Xo, Qxua^Xo, Qxua^Xo, Qxua^Xo, Gg, Wwf, Gg, Xu, Gg, Ww, Gg, Xu, Gg, Gg, Wwf, Qxua^Xo, Qxua^Xo, Qxua^Xo, Qxua^Xo, Qxua^Xo, Qxua^Xo, Qxua^Xo, Qxua^Xo, Qxua^Xo, Qxua^Xo, Qxua^Xo, Qxua^Xo, Qxua^Xo, Qxua^Xo
Qxua^Xo, Qxua^Xo, Qxua^Xo, Qxua^Xo, Qxua^Xo, Qxua^Xo, Qxua^Xo, Qxua^Xo, Qxua^Xo, Qxua^Xo, Qxua^Xo, Qxua^Xo, Hh, Wwf, Wwf, Gg, Wwf, Wwf, Wwf, Gg, Wwf, Wwf, Hh, Qxua^Xo, Qxua^Xo, Qxua^Xo, Qxua^Xo, Qxua^Xo, Qxua^Xo, Qxua^Xo, Qxua^Xo, Qxua^Xo, Qxua^Xo, Qxua^Xo, Qxua^Xo, Qxua^Xo, Qxua^Xo
Qxua^Xo, Qxua^Xo, Qxua^Xo, Qxua^Xo, Qxua^Xo, Qxua^Xo, Qxua^Xo, Qxua^Xo, Qxua^Xo, Qxua^Xo, Qxua^Xo, Qxua^Xo, Gg, Gg, Dd^Do, Wwf, Wwf, Gg, Wwf, Wwf, Dd^Do, Gg, Gg, Qxua^Xo, Qxua^Xo, Qxua^Xo, Qxua^Xo, Qxua^Xo, Qxua^Xo, Qxua^Xo, Qxua^Xo, Qxua^Xo, Qxua^Xo, Qxua^Xo, Qxua^Xo, Qxua^Xo, Qxua^Xo
Qxua^Xo, Qxua^Xo, Qxua^Xo, Qxua^Xo, Qxua^Xo, Qxua^Xo, Qxua^Xo, Qxua^Xo, Qxua^Xo, Qxua^Xo, Qxua^Xo, Qxua^Xo, Qxua^Xo, Gg, Gs^Fp, Hh, Ch, Ch, Ch, Hh, Gs^Fp, Gg, Qxua^Xo, Qxua^Xo, Qxua^Xo, Qxua^Xo, Qxua^Xo, Qxua^Xo, Qxua^Xo, Qxua^Xo, Qxua^Xo, Qxua^Xo, Qxua^Xo, Qxua^Xo, Qxua^Xo, Qxua^Xo, Qxua^Xo
Qxua^Xo, Qxua^Xo, Qxua^Xo, Qxua^Xo, Qxua^Xo, Qxua^Xo, Qxua^Xo, Qxua^Xo, Qxua^Xo, Qxua^Xo, Qxua^Xo, Qxua^Xo, Qxua^Xo, Qxua^Xo, Qxua^Xo, Gg, Ch, Cud, Ch, Gg, Qxua^Xo, Qxua^Xo, Qxua^Xo, Qxua^Xo, Qxua^Xo, Qxua^Xo, Qxua^Xo, Qxua^Xo, Qxua^Xo, Qxua^Xo, Qxua^Xo, Qxua^Xo, Qxua^Xo, Qxua^Xo, Qxua^Xo, Qxua^Xo, Qxua^Xo
Qxua^Xo, Qxua^Xo, Qxua^Xo, Qxua^Xo, Qxua^Xo, Qxua^Xo, Qxua^Xo, Qxua^Xo, Qxua^Xo, Qxua^Xo, Qxua^Xo, Qxua^Xo, Qxua^Xo, Qxua^Xo, Qxua^Xo, Qxua^Xo, Qxua^Xo, Ch, Qxua^Xo, Qxua^Xo, Qxua^Xo, Qxua^Xo, Qxua^Xo, Qxua^Xo, Qxua^Xo, Qxua^Xo, Qxua^Xo, Qxua^Xo, Qxua^Xo, Qxua^Xo, Qxua^Xo, Qxua^Xo, Qxua^Xo, Qxua^Xo, Qxua^Xo, Qxua^Xo, Qxua^Xo
Qxua^Xo, Qxua^Xo, Qxua^Xo, Qxua^Xo, Qxua^Xo, Qxua^Xo, Qxua^Xo, Qxua^Xo, Qxua^Xo, Qxua^Xo, Qxua^Xo, Qxua^Xo, Qxua^Xo, Qxua^Xo, Qxua^Xo, Qxua^Xo, Qxua^Xo, Qxua^Xo, Qxua^Xo, Qxua^Xo, Qxua^Xo, Qxua^Xo, Qxua^Xo, Qxua^Xo, Qxua^Xo, Qxua^Xo, Qxua^Xo, Qxua^Xo, Qxua^Xo, Qxua^Xo, Qxua^Xo, Qxua^Xo, Qxua^Xo, Qxua^Xo, Qxua^Xo, Qxua^Xo, Qxua^Xo
Qxua^Xo, Qxua^Xo, Qxua^Xo, Qxua^Xo, Qxua^Xo, Qxua^Xo, Qxua^Xo, Qxua^Xo, Qxua^Xo, Qxua^Xo, Qxua^Xo, Qxua^Xo, Qxua^Xo, Qxua^Xo, Qxua^Xo, Qxua^Xo, Qxua^Xo, Qxua^Xo, Qxua^Xo, Qxua^Xo, Qxua^Xo, Qxua^Xo, Qxua^Xo, Qxua^Xo, Qxua^Xo, Qxua^Xo, Qxua^Xo, Qxua^Xo, Qxua^Xo, Qxua^Xo, Qxua^Xo, Qxua^Xo, Qxua^Xo, Qxua^Xo, Qxua^Xo, Qxua^Xo, Qxua^Xo
Qxua^Xo, Qxua^Xo, Qxua^Xo, Qxua^Xo, Qxua^Xo, Qxua^Xo, Qxua^Xo, Qxua^Xo, Qxua^Xo, Qxua^Xo, Qxua^Xo, Qxua^Xo, Qxua^Xo, Qxua^Xo, Qxua^Xo, Qxua^Xo, Qxua^Xo, Qxua^Xo, Qxua^Xo, Qxua^Xo, Qxua^Xo, Qxua^Xo, Qxua^Xo, Qxua^Xo, Qxua^Xo, Qxua^Xo, Qxua^Xo, Qxua^Xo, Qxua^Xo, Qxua^Xo, Qxua^Xo, Qxua^Xo, Qxua^Xo, Qxua^Xo, Qxua^Xo, Qxua^Xo, Qxua^Xo
"


{./common_side_definitions.cfg}

{CWD_HUMAN West}
{CWD_HUMAN East}
{CWD_AI South 13 23 21 23}
{CWD_HUMAN South}
{CWD_HUMAN West}
{CWD_AI East 23 8 27 14}
{CWD_HUMAN East}
{CWD_HUMAN South}
{CWD_AI West 11 8 7 14}

#undef CWD_HUMAN
#undef CWD_AI


[event]
	name=preload
	first_time_only=no
	[lua]
		code = {./3player_settings.lua}
	[/lua]
[/event]


[label]
	category=""
	color="255,255,255"
	immutable=yes
	side=0
	team_name=""
	text="Game Rules:
press Ctrl + J"
	tooltip=""
	visible_in_fog=yes
	visible_in_shroud=yes
	x=29
	y=20
[/label]
[label]
	category=""
	color="107,140,255"
	immutable=yes
	side=0
	team_name=""
	text="<span color='#FFFFFF'>Scoreboard: </span><span color='#FF8080'>score</span> <span color='#FFE680'>gold</span>
<span color='#FFFFFF'>(total_kills leader_kills)</span>"
	tooltip=""
	visible_in_fog=yes
	visible_in_shroud=yes
	x=29
	y=21
[/label]
