border_size=1
usage=map

Wo          , Wo          , Wo          , Wo          , Wo          , Wo          , Wo          , Wo          , Wo          , Wo          , Wo          , Wo          , Wo          , Wo          , Wo          , Wo          , Wo          , Wo          , Wo          , Wo          , Wo          , Wo          , Wo          , Wo          , Wo          , Wo          , Wo          , Wo          , Wo          , Wo          , Wo          , Wo          , Wo          , Wo          , Wo          , Wo          , Wo          
Wo          , Wo          , Wo          , Wo          , Wo          , Wo          , Wo          , Wo          , Wo          , Wo          , Wo          , Wo          , Wo          , Wo          , Wo          , Wo          , Wo          , Wo          , Wo          , Wo          , Wo          , Wo          , Wo          , Wo          , Wo          , Wo          , Wo          , Wo          , Wo          , Wo          , Wo          , Wo          , Wo          , Wo          , Wo          , Wo          , Wo          
Wo          , Wo          , Wo          , Wo          , 1 Kh        , Wo          , 3 Kh        , Wo          , 6 Kh        , Wo          , Wo          , Wo          , Wo          , Wo          , Wo          , Wo          , Wo          , Wo          , Wo          , Wo          , Wo          , Wo          , Wo          , Wo          , Wo          , Wo          , Wo          , Wo          , 2 Kh        , Wo          , 5 Kh        , Wo          , 7 Kh        , Wo          , Wo          , Wo          , Wo          
Wo          , Wo          , Wo          , Wo          , Wo          , Wo          , Wo          , Wo          , Wo          , Wo          , Wo          , Wo          , Wo          , Wo          , Wo          , Wo          , Wo          , Wo          , Wo          , Wo          , Wo          , Wo          , Wo          , Wo          , Wo          , Wo          , Wo          , Wo          , Wo          , Wo          , Wo          , Wo          , Wo          , Wo          , Wo          , Wo          , Wo          
Wo          , Wo          , Wo          , Wo          , Wo          , Wo          , Xv          , Xv          , Xv          , Xv          , Xv          , Xv          , Xv          , Wo          , Wo          , Wo          , Wo          , Wo          , Wo          , Wo          , Wo          , Wo          , Wo          , Wo          , Xv          , Xv          , Xv          , Xv          , Xv          , Xv          , Xv          , Wo          , Wo          , Wo          , Wo          , Wo          , Wo          
Wo          , Wo          , Wo          , Wo          , Wo          , Xv          , Gs^Fp       , Hh          , Gg          , Gs^Fp       , Gg          , Hh          , Hh          , Xv          , Xv          , Wo          , Wo          , Wo          , Wo          , Wo          , Wo          , Wo          , Xv          , Xv          , Gs^Fp       , Gs^Fp       , Gg          , Hh          , Gg          , Gs^Fp       , Hh          , Xv          , Wo          , Wo          , Wo          , Wo          , Wo          
Wo          , Wo          , Wo          , Wo          , Xv          , Xv          , Gg          , Gg          , Ww          , Gg          , Ch          , Gg          , Gg          , Gg          , Ww          , Xv          , Xv          , Wo          , Wo          , Wo          , Xv          , Xv          , Ww          , Gg          , Gg          , Gg          , Ch          , Gg          , Ww          , Gg          , Gg          , Xv          , Xv          , Wo          , Wo          , Wo          , Wo          
Wo          , Wo          , Wo          , Wo          , Xv          , Hh          , Gg          , Ww          , Dd^Do       , Wwf         , Wwf         , Wwf         , Ww          , Wwf         , Hh          , Ww          , Wwf         , Xv          , Xv          , Xv          , Wwf         , Ww          , Gs^Fp       , Wwf         , Ww          , Wwf         , Wwf         , Wwf         , Dd^Do       , Ww          , Gg          , Gs^Fp       , Xv          , Wo          , Wo          , Wo          , Wo          
Wo          , Wo          , Wo          , Xv          , Hh          , Gg          , Gg          , Wwf         , Gg          , Gg          , Xu          , Xu          , Xu          , Gg          , Gg          , Gg          , Wwf         , Gs^Fp       , Hh          , Hh          , Ww          , Gg          , Gg          , Gg          , Xu          , Xu          , Xu          , Gg          , Gg          , Wwf         , Gg          , Gg          , Gs^Fp       , Xv          , Wo          , Wo          , Wo          
Wo          , Wo          , Xv          , Xv          , Ch          , Gs^Fp       , Gg          , Ww          , Gg          , Gg          , Wwf         , Cud         , Xu          , Gs^Fp       , Hh          , Gs^Fp       , Ss          , Wwf         , Wwf         , Wwf         , Gs          , Hh          , Gs^Fp       , Hh          , Xu          , Cud         , Wwf         , Gg          , Gg          , Ww          , Gg          , Hh          , Ch          , Xv          , Xv          , Wo          , Wo          
Wo          , Wo          , Xv          , Ch          , 8 Cud       , Ch          , Wwf         , Wwf         , Wwf         , Wwf         , Gg          , Cud         , Xu          , Uu          , Uu^Uf       , Ss          , Mm          , Ds          , Wwr         , Gs^Fp       , Mm          , Uh          , Uu^Uf       , Uu          , Xu          , Cud         , Gg          , Wwf         , Wwf         , Wwf         , Wwf         , Ch          , 4 Cud       , Ch          , Xv          , Wo          , Wo          
Wo          , Wo          , Xv          , Ch          , Ch          , Ch          , Gg          , Wwf         , Gg          , Wwf         , Wwf         , Cud         , Xu          , Uu          , Gs^Fp       , Uh          , Gs          , Gs^Fp       , Wwf         , Ds          , Ss          , Ss          , Hh          , Uu          , Xu          , Cud         , Wwf         , Wwf         , Gg          , Wwf         , Gg          , Ch          , Ch          , Ch          , Xv          , Wo          , Wo          
Wo          , Wo          , Wo          , Xv          , Gs^Fp       , Hh          , Gg          , Ww          , Gg          , Gg          , Xu          , Cud         , Xu          , Hh          , Gg          , Hh          , Ww          , Wwf         , Hh          , Wwf         , Wwf         , Gs^Fp       , Gg          , Gs^Fp       , Xu          , Cud         , Xu          , Gg          , Gg          , Ww          , Gg          , Gs^Fp       , Hh          , Xv          , Wo          , Wo          , Wo          
Wo          , Wo          , Wo          , Xv          , Xv          , Gg          , Gg          , Wwf         , Dd^Do       , Gg          , Wwf         , Xu          , Ww          , Gg          , Gs^Fp       , Gg          , Wwf         , Hh          , Xv          , Gs^Fp       , Wwf         , Gg          , Hh          , Gg          , Ww          , Xu          , Wwf         , Gg          , Dd^Do       , Wwf         , Gg          , Gg          , Xv          , Xv          , Wo          , Wo          , Wo          
Wo          , Wo          , Wo          , Wo          , Xv          , Gs^Fp       , Gg          , Ww          , Ww          , Wwf         , Ch          , Wwf         , Gg          , Wwf         , Ww          , Ww          , Xv          , Xv          , Wo          , Xv          , Xv          , Ww          , Ww          , Wwf         , Gg          , Wwf         , Ch          , Wwf         , Ww          , Ww          , Gg          , Hh          , Xv          , Wo          , Wo          , Wo          , Wo          
Wo          , Wo          , Wo          , Wo          , Wo          , Xv          , Hh          , Gg          , Gg          , Gg          , Gg          , Gg          , Gs^Fp       , Gg          , Xv          , Xv          , Wo          , Wo          , Wo          , Wo          , Wo          , Xv          , Xv          , Gg          , Hh          , Gg          , Gg          , Gg          , Gg          , Gg          , Gs^Fp       , Xv          , Wo          , Wo          , Wo          , Wo          , Wo          
Wo          , Wo          , Wo          , Wo          , Wo          , Xv          , Xv          , Gs^Fp       , Xv          , Hh          , Xv          , Gs^Fp       , Xv          , Xv          , Wo          , Wo          , Wo          , Wo          , Wo          , Wo          , Wo          , Wo          , Wo          , Xv          , Xv          , Hh          , Xv          , Gs^Fp       , Xv          , Hh          , Xv          , Xv          , Wo          , Wo          , Wo          , Wo          , Wo          
Wo          , Wo          , Wo          , Wo          , Wo          , Wo          , Wo          , Xv          , Wo          , Xv          , Wo          , Xv          , Wo          , Wo          , Wo          , Wo          , Wo          , Wo          , Wo          , Wo          , Wo          , Wo          , Wo          , Wo          , Wo          , Xv          , Wo          , Xv          , Wo          , Xv          , Wo          , Wo          , Wo          , Wo          , Wo          , Wo          , Wo          
Wo          , Wo          , Wo          , Wo          , Wo          , Wo          , Wo          , Wo          , Wo          , Wo          , Wo          , Wo          , Wo          , Wo          , Wo          , Wo          , Wo          , Wo          , Wo          , Wo          , Wo          , Wo          , Wo          , Wo          , Wo          , Wo          , Wo          , Wo          , Wo          , Wo          , Wo          , Wo          , Wo          , Wo          , Wo          , Wo          , Wo          
Wo          , Wo          , Wo          , Wo          , Wo          , Wo          , Wo          , Wo          , Wo          , Wo          , Wo          , Wo          , Wo          , Wo          , Wo          , Wo          , Wo          , Wo          , Wo          , Wo          , Wo          , Wo          , Wo          , Wo          , Wo          , Wo          , Wo          , Wo          , Wo          , Wo          , Wo          , Wo          , Wo          , Wo          , Wo          , Wo          , Wo          
Wo          , Wo          , Wo          , Wo          , Wo          , Wo          , Wo          , Wo          , Wo          , Wo          , Wo          , Wo          , Wo          , Wo          , Wo          , Wo          , Wo          , Wo          , Wo          , Wo          , Wo          , Wo          , Wo          , Wo          , Wo          , Wo          , Wo          , Wo          , Wo          , Wo          , Wo          , Wo          , Wo          , Wo          , Wo          , Wo          , Wo          
Wo          , Wo          , Wo          , Wo          , Wo          , Wo          , Wo          , Wo          , Wo          , Wo          , Wo          , Wo          , Wo          , Wo          , Wo          , Wo          , Wo          , Wo          , Wo          , Wo          , Wo          , Wo          , Wo          , Wo          , Wo          , Wo          , Wo          , Wo          , Wo          , Wo          , Wo          , Wo          , Wo          , Wo          , Wo          , Wo          , Wo          
